[nonar v931-fix] device=cuda:0 holdout=[]
[data] real=11174 synth=6960 stable=1701 total=19835 val=2416
[model] NonAROCR params=3.24M queries=4
[ep 01/30] train_loss=1.2017 val_loss=0.4333 val_exact=0.4681 lr=4.99e-04 time=69.7s
  ↑ best.pt (val_exact=0.4681)
[ep 02/30] train_loss=0.7527 val_loss=0.1255 val_exact=0.8916 lr=4.95e-04 time=24.1s
  ↑ best.pt (val_exact=0.8916)
[ep 03/30] train_loss=0.5477 val_loss=0.0959 val_exact=0.9404 lr=4.88e-04 time=23.9s
  ↑ best.pt (val_exact=0.9404)
[ep 04/30] train_loss=0.4429 val_loss=0.0512 val_exact=0.9905 lr=4.78e-04 time=23.8s
  ↑ best.pt (val_exact=0.9905)
[ep 05/30] train_loss=0.4019 val_loss=0.0643 val_exact=0.9805 lr=4.67e-04 time=23.8s
[ep 06/30] train_loss=0.3831 val_loss=0.0518 val_exact=0.9909 lr=4.52e-04 time=23.6s
  ↑ best.pt (val_exact=0.9909)
[ep 07/30] train_loss=0.3707 val_loss=0.0502 val_exact=0.9946 lr=4.36e-04 time=23.9s
  ↑ best.pt (val_exact=0.9946)
[ep 08/30] train_loss=0.3654 val_loss=0.0473 val_exact=0.9930 lr=4.17e-04 time=23.7s
[ep 09/30] train_loss=0.3545 val_loss=0.0477 val_exact=0.9954 lr=3.97e-04 time=23.9s
  ↑ best.pt (val_exact=0.9954)
[ep 10/30] train_loss=0.3522 val_loss=0.0449 val_exact=0.9971 lr=3.75e-04 time=24.0s
  ↑ best.pt (val_exact=0.9971)
[ep 11/30] train_loss=0.3464 val_loss=0.0475 val_exact=0.9975 lr=3.52e-04 time=23.8s
  ↑ best.pt (val_exact=0.9975)
[ep 12/30] train_loss=0.3425 val_loss=0.0471 val_exact=0.9954 lr=3.27e-04 time=23.6s
[ep 13/30] train_loss=0.3347 val_loss=0.0469 val_exact=0.9967 lr=3.02e-04 time=23.6s
[ep 14/30] train_loss=0.3315 val_loss=0.0388 val_exact=0.9967 lr=2.76e-04 time=23.8s
[ep 15/30] train_loss=0.3285 val_loss=0.0454 val_exact=0.9975 lr=2.50e-04 time=23.8s
[ep 16/30] train_loss=0.3255 val_loss=0.0447 val_exact=0.9979 lr=2.24e-04 time=24.3s
  ↑ best.pt (val_exact=0.9979)
[ep 17/30] train_loss=0.3225 val_loss=0.0457 val_exact=0.9988 lr=1.98e-04 time=23.5s
  ↑ best.pt (val_exact=0.9988)
[ep 18/30] train_loss=0.3182 val_loss=0.0454 val_exact=0.9992 lr=1.73e-04 time=24.0s
  ↑ best.pt (val_exact=0.9992)
[ep 19/30] train_loss=0.3169 val_loss=0.0441 val_exact=0.9992 lr=1.48e-04 time=23.6s
[ep 20/30] train_loss=0.3138 val_loss=0.0455 val_exact=0.9988 lr=1.25e-04 time=23.8s
[ep 21/30] train_loss=0.3116 val_loss=0.0451 val_exact=0.9988 lr=1.03e-04 time=23.6s
[ep 22/30] train_loss=0.3093 val_loss=0.0430 val_exact=0.9992 lr=8.27e-05 time=23.9s
[ep 23/30] train_loss=0.3076 val_loss=0.0448 val_exact=0.9983 lr=6.42e-05 time=23.6s
[ep 24/30] train_loss=0.3058 val_loss=0.0445 val_exact=0.9996 lr=4.77e-05 time=23.8s
  ↑ best.pt (val_exact=0.9996)
[ep 25/30] train_loss=0.3048 val_loss=0.0444 val_exact=0.9992 lr=3.35e-05 time=23.6s
[ep 26/30] train_loss=0.3038 val_loss=0.0439 val_exact=0.9992 lr=2.16e-05 time=23.6s
[ep 27/30] train_loss=0.3031 val_loss=0.0438 val_exact=0.9992 lr=1.22e-05 time=24.0s
[ep 28/30] train_loss=0.3026 val_loss=0.0443 val_exact=0.9992 lr=5.46e-06 time=23.5s
[ep 29/30] train_loss=0.3024 val_loss=0.0443 val_exact=0.9992 lr=1.37e-06 time=24.0s
[ep 30/30] train_loss=0.3022 val_loss=0.0445 val_exact=0.9992 lr=0.00e+00 time=23.6s
[done] best=0.9996
